// Jest Snapshot v1, https://goo.gl/fbAQLP

exports[`Fieldset render 1`] = `
<body>
  <div>
    <fieldset
      class="sc-aXZVg sc-6b497e8d-0 hdseiA giVBfy"
    >
      <legend
        class="sc-ikkxIA sc-6b497e8d-1 dezsnA cMzeWT"
      >
        testing
      </legend>
    </fieldset>
  </div>
</body>
`;
