// Jest Snapshot v1, https://goo.gl/fbAQLP

exports[`pages/index.tsx renders homepage unchanged 1`] = `
<div>
  <header
    class="header"
  >
    <div
      class="title"
    >
      Oak
    </div>
    <form
      class="search"
    >
      <input
        aria-label="Search"
        placeholder="Search"
        type="search"
        value=""
      />
      <button
        type="submit"
      >
        Submit
      </button>
      <div>
        <input
          id="custom-checkbox-foundation"
          name="foundation"
          type="checkbox"
          value="foundation"
        />
        <label
          for="foundation"
        >
          foundation
        </label>
      </div>
      <div>
        <input
          id="custom-checkbox-1"
          name="1"
          type="checkbox"
          value="1"
        />
        <label
          for="1"
        >
          1
        </label>
      </div>
      <div>
        <input
          id="custom-checkbox-2"
          name="2"
          type="checkbox"
          value="2"
        />
        <label
          for="2"
        >
          2
        </label>
      </div>
      <div>
        <input
          id="custom-checkbox-3"
          name="3"
          type="checkbox"
          value="3"
        />
        <label
          for="3"
        >
          3
        </label>
      </div>
      <div>
        <input
          id="custom-checkbox-4"
          name="4"
          type="checkbox"
          value="4"
        />
        <label
          for="4"
        >
          4
        </label>
      </div>
    </form>
  </header>
  <main
    class="main"
  >
    <h1
      data-testid="lesson-title"
    >
      Physics only review
    </h1>
  </main>
  <footer
    class="footer"
  >
    © Oak National Academy 
    2022
  </footer>
</div>
`;
