// Jest Snapshot v1, https://goo.gl/fbAQLP

exports[`GetInvolvedCollaborateWithUs renders 1`] = `
<div>
  <div
    class="sc-aXZVg gkbMXK"
  >
    <div
      class="sc-aXZVg cryvKT"
    >
      <div
        class="sc-aXZVg sc-gEvEer zxVfg bktafW"
      >
        <div
          class="sc-aXZVg sc-tagGq hdseiA xdgbG"
        >
          <div
            class="sc-aXZVg sc-gEvEer sc-esYiGF hdseiA iDBIXi bWIaAb"
          >
            <h2
              class="sc-eldPxv iiNDPs"
            >
              Collaborate with us
            </h2>
          </div>
          <div
            class="sc-aXZVg sc-gEvEer sc-esYiGF hdseiA iDBIXi ffZWrO"
          >
            <div
              class="sc-aXZVg sc-gEvEer gpQQnm wjdwM"
            >
              <span
                class="sc-aXZVg ccpVbZ sc-c614e434-0 hqLybo"
              >
                <img
                  alt=""
                  class="sc-iGgWBj dZvqhO"
                  data-nimg="fill"
                  decoding="async"
                  loading="lazy"
                  src="http://example.com/chatting.svg"
                  style="position: absolute; height: 100%; width: 100%; left: 0px; top: 0px; right: 0px; bottom: 0px; color: transparent;"
                />
              </span>
            </div>
          </div>
          <div
            class="sc-aXZVg sc-gEvEer sc-esYiGF hdseiA iDBIXi fihLpo"
          >
            <div
              class="sc-aXZVg sc-gEvEer hdseiA daEtut"
            >
              <div
                class="sc-aXZVg kFNkZr"
              >
                <div
                  class="sc-aXZVg sc-gEvEer biKcTw iwFTtF"
                >
                  <div
                    class="sc-aXZVg sc-gEvEer hdseiA dfjiUz"
                  >
                    <h3
                      class="sc-eldPxv pqCFq"
                    >
                      Give your feedback
                    </h3>
                    <p
                      class="sc-ikkxIA esDZwj"
                    >
                      Share your story and we'll send you a gift voucher as a thanks for your time.
                    </p>
                  </div>
                  <div
                    class="sc-aXZVg sc-gEvEer hdseiA ehpWeg"
                  >
                    <div
                      class="sc-aXZVg sc-kpDqfm jmcyMy cvxBYX"
                    >
                      <div
                        class="sc-aXZVg kMGxHZ grey-shadow"
                      />
                      <div
                        class="sc-aXZVg kMGxHZ yellow-shadow"
                      />
                      <a
                        class="sc-dcJsrY sc-jXbUNg gGvZcD inYdht internal-button"
                        href="https://share.hsforms.com/2pi1ZLqVKQNyKznqJrpqsgwbvumd"
                        rel="noopener noreferrer"
                        target="_blank"
                      >
                        <div
                          class="sc-aXZVg sc-gEvEer hdseiA krHAKs"
                        >
                          <span
                            class="sc-eqUAAy bkXwYG"
                          >
                            Get in touch
                          </span>
                          <span
                            class="sc-aXZVg iUEruK"
                          >
                            <img
                              alt="external"
                              class="sc-iGgWBj cMzyFO"
                              data-nimg="fill"
                              decoding="async"
                              loading="lazy"
                              src="https://next_public_oak_assets_host/NEXT_PUBLIC_OAK_ASSETS_PATH/v1699953892/icons/hlxmejse3mcr4tqo6t8u.svg"
                              style="position: absolute; height: 100%; width: 100%; left: 0px; top: 0px; right: 0px; bottom: 0px; color: transparent;"
                            />
                          </span>
                        </div>
                      </a>
                    </div>
                  </div>
                </div>
              </div>
              <div
                class="sc-aXZVg kFNkZr"
              >
                <div
                  class="sc-aXZVg sc-gEvEer biKcTw iwFTtF"
                >
                  <div
                    class="sc-aXZVg sc-gEvEer hdseiA dfjiUz"
                  >
                    <h3
                      class="sc-eldPxv pqCFq"
                    >
                      Help us improve
                    </h3>
                    <p
                      class="sc-ikkxIA esDZwj"
                    >
                      Teachers are at the heart of everything we build. Have your say by taking part in research.
                    </p>
                  </div>
                  <div
                    class="sc-aXZVg sc-gEvEer hdseiA ehpWeg"
                  >
                    <div
                      class="sc-aXZVg sc-kpDqfm jmcyMy cvxBYX"
                    >
                      <div
                        class="sc-aXZVg kMGxHZ grey-shadow"
                      />
                      <div
                        class="sc-aXZVg kMGxHZ yellow-shadow"
                      />
                      <a
                        class="sc-dcJsrY sc-jXbUNg gGvZcD inYdht internal-button"
                        href="https://share.hsforms.com/1dv2FiLvTQraZIZmhUUURmQbvumd"
                        rel="noopener noreferrer"
                        target="_blank"
                      >
                        <div
                          class="sc-aXZVg sc-gEvEer hdseiA krHAKs"
                        >
                          <span
                            class="sc-eqUAAy bkXwYG"
                          >
                            Take part in research
                          </span>
                          <span
                            class="sc-aXZVg iUEruK"
                          >
                            <img
                              alt="external"
                              class="sc-iGgWBj cMzyFO"
                              data-nimg="fill"
                              decoding="async"
                              loading="lazy"
                              src="https://next_public_oak_assets_host/NEXT_PUBLIC_OAK_ASSETS_PATH/v1699953892/icons/hlxmejse3mcr4tqo6t8u.svg"
                              style="position: absolute; height: 100%; width: 100%; left: 0px; top: 0px; right: 0px; bottom: 0px; color: transparent;"
                            />
                          </span>
                        </div>
                      </a>
                    </div>
                  </div>
                </div>
              </div>
            </div>
          </div>
        </div>
      </div>
    </div>
  </div>
</div>
`;
