// Jest Snapshot v1, https://goo.gl/fbAQLP

exports[`MeetTheTeamContainer renders correctly 1`] = `
<body>
  <div>
    <div
      class="sc-aXZVg kwWxJJ"
    >
      <div
        class="sc-aXZVg sc-gEvEer dFOKqz iwFTtF"
      >
        <div
          class="sc-aXZVg sc-gEvEer dFOKqz fVNIMq"
        >
          <h2
            class="sc-eldPxv kLaSLy"
          >
            TESTING_TITLE
          </h2>
          <p
            class="sc-ikkxIA raLvq"
          >
            TEST_TEXT
          </p>
        </div>
        <ul
          class="sc-aXZVg sc-tagGq iXtShk fugleq"
        >
          TEST_CONTENT
        </ul>
      </div>
    </div>
  </div>
</body>
`;
