// Jest Snapshot v1, https://goo.gl/fbAQLP

exports[`CurricLessonWarning basic usage 1`] = `
<body>
  <div>
    <div
      class="sc-aXZVg sc-gEvEer hdseiA doeAUE"
    >
      <div
        class="sc-aXZVg sc-gEvEer hMmokb iDBIXi"
      />
       
      <span
        class="sc-eqUAAy OJybX"
      >
        4
        /
        6
         lessons
      </span>
    </div>
  </div>
</body>
`;
