// Jest Snapshot v1, https://goo.gl/fbAQLP

exports[`GetInvolvedWorkWithUs renders correctly 1`] = `
<body>
  <div>
    <div
      class="sc-bdvwhi iatEdD"
    >
      <div
        class="sc-bdvwhi sc-jObTYW blOvSo jzkUtp"
      >
        <div
          class="sc-bdvwhi sc-gsDMPd sc-dPiIMO hPWTKU btiRMN igjnka"
        >
          <div
            class="sc-bdvwhi sc-gsDMPd hPWTKU vrLXS"
          >
            <div
              class="sc-bdvwhi sc-gsDMPd hPWTKU eChlAW"
            >
              <h2
                class="sc-bkkgYE hBiIpc"
              >
                Work with us
              </h2>
              <div
                class="sc-bdvwhi sc-gsDMPd eExZUP QCPYN"
              >
                <p
                  class="sc-hGPAwl gpFakR"
                >
                  TESTING_PARAGRAPH_1
                </p>
              </div>
            </div>
            <div
              class="sc-bdvwhi sc-gsDMPd hPWTKU kTugxO"
            >
              <div
                class="sc-bdvwhi sc-iqsgXZ giIlgC hjfwPa"
              >
                <div
                  class="sc-bdvwhi kAFHfV grey-shadow"
                />
                <div
                  class="sc-bdvwhi kAFHfV yellow-shadow"
                />
                <a
                  class="sc-eCIkAO sc-jrQAon lhwatH eGeOxA internal-button"
                  href="https://example.com/permanent"
                  rel="noopener noreferrer"
                  target="_blank"
                >
                  <div
                    class="sc-bdvwhi sc-gsDMPd hPWTKU dxGDwr"
                  >
                    <span
                      class="sc-dkPwfY kXQhTZ"
                    >
                      Permanent roles
                    </span>
                    <span
                      class="sc-bdvwhi cERAFe"
                    >
                      <img
                        alt="external"
                        class="sc-jRQBiJ eMsccW"
                        data-nimg="fill"
                        decoding="async"
                        loading="lazy"
                        src="https://next_public_oak_assets_host/NEXT_PUBLIC_OAK_ASSETS_PATH/v1699953892/icons/hlxmejse3mcr4tqo6t8u.svg"
                        style="position: absolute; height: 100%; width: 100%; left: 0px; top: 0px; right: 0px; bottom: 0px; color: transparent;"
                      />
                    </span>
                  </div>
                </a>
              </div>
              <div
                class="sc-bdvwhi sc-iqsgXZ giIlgC hjfwPa"
              >
                <div
                  class="sc-bdvwhi kAFHfV grey-shadow"
                />
                <div
                  class="sc-bdvwhi kAFHfV yellow-shadow"
                />
                <a
                  class="sc-eCIkAO sc-jrQAon lhwatH eGeOxA internal-button"
                  href="https://example.com/freelance"
                  rel="noopener noreferrer"
                  target="_blank"
                >
                  <div
                    class="sc-bdvwhi sc-gsDMPd hPWTKU dxGDwr"
                  >
                    <span
                      class="sc-dkPwfY kXQhTZ"
                    >
                      Freelance roles
                    </span>
                    <span
                      class="sc-bdvwhi cERAFe"
                    >
                      <img
                        alt="external"
                        class="sc-jRQBiJ eMsccW"
                        data-nimg="fill"
                        decoding="async"
                        loading="lazy"
                        src="https://next_public_oak_assets_host/NEXT_PUBLIC_OAK_ASSETS_PATH/v1699953892/icons/hlxmejse3mcr4tqo6t8u.svg"
                        style="position: absolute; height: 100%; width: 100%; left: 0px; top: 0px; right: 0px; bottom: 0px; color: transparent;"
                      />
                    </span>
                  </div>
                </a>
              </div>
            </div>
          </div>
        </div>
        <div
          class="sc-bdvwhi sc-gsDMPd sc-dPiIMO hPWTKU gEEEZl kFSVwZ"
        >
          <div
            class="sc-bdvwhi sc-gsDMPd hPWTKU dfKhGz"
          >
            <div
              class="sc-bdvwhi sc-gsDMPd iHFuAj Bakex"
            >
              <span
                class="sc-bdvwhi LoEut"
              >
                <img
                  alt="Team working together"
                  class="sc-jRQBiJ iumtav"
                  data-nimg="fill"
                  decoding="async"
                  loading="lazy"
                  sizes="(max-width: 750px) 100vw, (max-width: 1280px) 50vw, 58vw"
                  src="http://localhost/_next/image?url=http%3A%2F%2Fexample.com%2Fteam.jpg&w=3840&q=75"
                  srcset="/_next/image?url=http%3A%2F%2Fexample.com%2Fteam.jpg&w=384&q=75 384w, /_next/image?url=http%3A%2F%2Fexample.com%2Fteam.jpg&w=640&q=75 640w, /_next/image?url=http%3A%2F%2Fexample.com%2Fteam.jpg&w=750&q=75 750w, /_next/image?url=http%3A%2F%2Fexample.com%2Fteam.jpg&w=828&q=75 828w, /_next/image?url=http%3A%2F%2Fexample.com%2Fteam.jpg&w=1080&q=75 1080w, /_next/image?url=http%3A%2F%2Fexample.com%2Fteam.jpg&w=1200&q=75 1200w, /_next/image?url=http%3A%2F%2Fexample.com%2Fteam.jpg&w=1920&q=75 1920w, /_next/image?url=http%3A%2F%2Fexample.com%2Fteam.jpg&w=2048&q=75 2048w, /_next/image?url=http%3A%2F%2Fexample.com%2Fteam.jpg&w=3840&q=75 3840w"
                  style="position: absolute; height: 100%; width: 100%; left: 0px; top: 0px; right: 0px; bottom: 0px; color: transparent;"
                />
              </span>
            </div>
            <div
              class="sc-bdvwhi sc-gsDMPd hPWTKU cqLfTA"
            >
              <img
                alt="Badge 1"
                class="sc-a12be0c3-0 fYrTsq"
                src="http://example.com/badge1.png"
              />
              <img
                alt="Badge 2"
                class="sc-a12be0c3-0 fYrTsq"
                src="http://example.com/badge2.png"
              />
              <img
                alt="Badge 3"
                class="sc-a12be0c3-0 fYrTsq"
                src="http://example.com/badge3.png"
              />
            </div>
          </div>
        </div>
      </div>
    </div>
  </div>
</body>
`;
