// Jest Snapshot v1, https://goo.gl/fbAQLP

exports[`GetInvolvedLinkCard renders 1`] = `
<div>
  <div
    class="sc-fqkvVR sc-kAyceB bPcfty xvJiZ"
  >
    <div
      class="sc-fqkvVR sc-kAyceB fgBWrW itOXgy"
    >
      <h2
        class="sc-kpDqfm igLHEh"
      >
        Give your feedback
      </h2>
      <p
        class="sc-dLMFU gKXbKJ"
      >
        Share your story and we'll send you a gift voucher as a thanks for your time. Whether you've planned more efficiently, strengthened your subject knowledge or refreshed your curriculum design, your experience can inspire other teachers.
      </p>
    </div>
    <div
      class="sc-fqkvVR fgBWrW"
    >
      <div
        class="sc-fqkvVR sc-JrDLc eJBGXR hESAKV"
      >
        <div
          class="sc-fqkvVR iPpXCP grey-shadow"
        />
        <div
          class="sc-fqkvVR iPpXCP yellow-shadow"
        />
        <a
          class="sc-dtBdUo sc-fXSgeo cFaVGX jZjsdk internal-button"
          href="#"
        >
          <div
            class="sc-fqkvVR sc-kAyceB fgBWrW cHFgFN"
          >
            <span
              class="sc-dAlyuH hHWgLm"
            >
              Get in touch
            </span>
            <div
              class="sc-fqkvVR kbnxKi"
            >
              <img
                alt=""
                class="sc-dcJsrY beWtwI"
                data-nimg="fill"
                decoding="async"
                loading="lazy"
                src="https://next_public_oak_assets_host/NEXT_PUBLIC_OAK_ASSETS_PATH/v1699953892/icons/hlxmejse3mcr4tqo6t8u.svg"
                style="position: absolute; height: 100%; width: 100%; left: 0px; top: 0px; right: 0px; bottom: 0px; color: transparent;"
              />
            </div>
          </div>
        </a>
      </div>
    </div>
  </div>
</div>
`;
