// Jest Snapshot v1, https://goo.gl/fbAQLP

exports[`CurricShowSteps basic usage 1`] = `
<body>
  <div>
    <div>
      <div
        class="sc-aXZVg fPoSZh"
        style="width: 100%; position: relative; overflow: hidden;"
      >
        <div
          style="display: flex; align-items: center;"
        >
          <div
            class="sc-aXZVg sc-gEvEer dFOKqz jMLdOa"
            style="width: 44px; height: 44px;"
          >
            <div
              class="sc-aXZVg sc-gEvEer jHYXdY fXHtRp"
            />
            <div
              class="sc-aXZVg sc-gEvEer HNaJR jMLdOa"
            >
              <span
                class="sc-aXZVg iuwrFR"
              >
                <img
                  alt=""
                  class="sc-iGgWBj bOyFfb"
                  data-nimg="fill"
                  decoding="async"
                  loading="lazy"
                  src="https://next_public_oak_assets_host/NEXT_PUBLIC_OAK_ASSETS_PATH/v1699954310/icons/efd3esaor6zqk7seh6kt.svg"
                  style="position: absolute; height: 100%; width: 100%; left: 0px; top: 0px; right: 0px; bottom: 0px; color: transparent;"
                />
              </span>
            </div>
            <div
              class="sc-aXZVg sc-gEvEer heyxQr fXHtRp"
            />
          </div>
          <div
            class="sc-aXZVg sc-gEvEer jtruwR fXHtRp"
          />
          <div
            class="sc-aXZVg sc-gEvEer dFOKqz jMLdOa"
            style="width: 44px; height: 44px;"
          >
            <div
              class="sc-aXZVg sc-gEvEer heyxQr fXHtRp"
            />
            <div
              class="sc-aXZVg sc-gEvEer HNaJR jMLdOa"
            >
              <span
                class="sc-aXZVg iuwrFR"
              >
                <img
                  alt=""
                  class="sc-iGgWBj bOyFfb"
                  data-nimg="fill"
                  decoding="async"
                  loading="lazy"
                  src="https://next_public_oak_assets_host/NEXT_PUBLIC_OAK_ASSETS_PATH/v1699954310/icons/efd3esaor6zqk7seh6kt.svg"
                  style="position: absolute; height: 100%; width: 100%; left: 0px; top: 0px; right: 0px; bottom: 0px; color: transparent;"
                />
              </span>
            </div>
            <div
              class="sc-aXZVg sc-gEvEer heyxQr fXHtRp"
            />
          </div>
          <div
            class="sc-aXZVg sc-gEvEer jtruwR fXHtRp"
          />
          <div
            class="sc-aXZVg sc-gEvEer lmBeTA jMLdOa"
            style="width: 44px; height: 44px;"
          >
            <div
              class="sc-aXZVg sc-gEvEer jKTouH jMLdOa"
              color="text-inverted"
            />
            <div
              class="sc-aXZVg UmiVq"
              data-testid="step-text"
              style="left: 0px; top: 44px;"
            >
              Step 
              3
               of 
              4
            </div>
          </div>
          <div
            class="sc-aXZVg sc-gEvEer jtruwR fXHtRp"
          />
          <div
            class="sc-aXZVg sc-gEvEer dFOKqz jMLdOa"
            style="width: 44px; height: 44px;"
          >
            <div
              class="sc-aXZVg sc-gEvEer heyxQr fXHtRp"
            />
            <div
              class="sc-aXZVg sc-gEvEer kyPEgV jMLdOa"
            />
            <div
              class="sc-aXZVg sc-gEvEer jHYXdY fXHtRp"
            />
          </div>
        </div>
      </div>
    </div>
  </div>
</body>
`;
