// Jest Snapshot v1, https://goo.gl/fbAQLP

exports[`coverPatch should modify node for KS1-2 1`] = `
"{
  "type": "element",
  "name": "$FRAGMENT$",
  "elements": [
    {
      "type": "element",
      "name": "$FRAGMENT$",
      "elements": [
        {
          "type": "element",
          "name": "w:p",
          "elements": [
            {
              "type": "element",
              "name": "w:pPr",
              "elements": [
                {
                  "type": "element",
                  "name": "w:pageBreakBefore"
                }
              ]
            },
            {
              "type": "element",
              "name": "w:r",
              "elements": [
                {
                  "type": "element",
                  "name": "w:rPr",
                  "elements": [
                    {
                      "type": "element",
                      "name": "w:sz",
                      "attributes": {
                        "w:val": "36"
                      }
                    }
                  ]
                },
                {
                  "type": "element",
                  "name": "w:t",
                  "attributes": {
                    "xml:space": "preserve"
                  },
                  "elements": [
                    {
                      "type": "text",
                      "text": "Thread: "
                    }
                  ]
                }
              ]
            },
            {
              "type": "element",
              "name": "w:r",
              "elements": [
                {
                  "type": "element",
                  "name": "w:rPr",
                  "elements": [
                    {
                      "type": "element",
                      "name": "w:sz",
                      "attributes": {
                        "w:val": "36"
                      }
                    },
                    {
                      "type": "element",
                      "name": "w:b"
                    }
                  ]
                },
                {
                  "type": "element",
                  "name": "w:t",
                  "elements": [
                    {
                      "type": "text",
                      "text": "TEST_1"
                    }
                  ]
                }
              ]
            }
          ]
        },
        {
          "type": "element",
          "name": "w:p",
          "elements": [
            {
              "type": "element",
              "name": "w:r",
              "elements": [
                {
                  "type": "element",
                  "name": "w:t"
                }
              ]
            }
          ]
        },
        {
          "type": "element",
          "name": "w:p",
          "elements": [
            {
              "type": "element",
              "name": "w:pPr",
              "elements": [
                {
                  "type": "element",
                  "name": "w:keepNext"
                }
              ]
            },
            {
              "type": "element",
              "name": "w:r",
              "elements": [
                {
                  "type": "element",
                  "name": "w:rPr",
                  "elements": [
                    {
                      "type": "element",
                      "name": "w:b"
                    },
                    {
                      "type": "element",
                      "name": "w:sz",
                      "attributes": {
                        "w:val": "28"
                      }
                    }
                  ]
                },
                {
                  "type": "element",
                  "name": "w:t",
                  "elements": [
                    {
                      "type": "text",
                      "text": "Year 8"
                    }
                  ]
                }
              ]
            }
          ]
        },
        {
          "type": "element",
          "name": "w:p",
          "elements": [
            {
              "type": "element",
              "name": "w:pPr",
              "elements": [
                {
                  "type": "element",
                  "name": "w:keepNext"
                },
                {
                  "type": "element",
                  "name": "w:numPr",
                  "elements": [
                    {
                      "type": "element",
                      "name": "w:ilvl",
                      "attributes": {
                        "w:val": "0"
                      }
                    },
                    {
                      "type": "element",
                      "name": "w:numId",
                      "attributes": {
                        "w:val": "3"
                      }
                    }
                  ]
                },
                {
                  "type": "element",
                  "name": "w:ind",
                  "attributes": {
                    "w:left": "426"
                  }
                }
              ]
            },
            {
              "type": "element",
              "name": "w:r",
              "elements": [
                {
                  "type": "element",
                  "name": "w:t",
                  "elements": [
                    {
                      "type": "text",
                      "text": "Unit undefined: undefined"
                    }
                  ]
                }
              ]
            }
          ]
        },
        {
          "type": "element",
          "name": "w:p",
          "elements": [
            {
              "type": "element",
              "name": "w:pPr",
              "elements": [
                {
                  "type": "element",
                  "name": "w:sectPr",
                  "elements": [
                    {
                      "type": "element",
                      "name": "w:type",
                      "attributes": {
                        "w:val": "continuous"
                      }
                    },
                    {
                      "type": "element",
                      "name": "w:pgSz",
                      "attributes": {
                        "w:w": "11909",
                        "w:h": "16834"
                      }
                    },
                    {
                      "type": "element",
                      "name": "w:pgMar",
                      "attributes": {
                        "w:top": "567",
                        "w:right": "709",
                        "w:bottom": "709",
                        "w:left": "709",
                        "w:header": "720",
                        "w:footer": "720",
                        "w:gutter": "0"
                      }
                    },
                    {
                      "type": "element",
                      "name": "w:cols",
                      "attributes": {
                        "w:num": "1",
                        "w:space": "720"
                      }
                    }
                  ]
                }
              ]
            }
          ]
        },
        {
          "type": "element",
          "name": "w:p",
          "elements": [
            {
              "type": "element",
              "name": "w:r",
              "elements": [
                {
                  "type": "element",
                  "name": "w:t"
                }
              ]
            }
          ]
        }
      ]
    },
    {
      "type": "element",
      "name": "$FRAGMENT$",
      "elements": [
        {
          "type": "element",
          "name": "w:p",
          "elements": [
            {
              "type": "element",
              "name": "w:pPr",
              "elements": [
                {
                  "type": "element",
                  "name": "w:pageBreakBefore"
                }
              ]
            },
            {
              "type": "element",
              "name": "w:r",
              "elements": [
                {
                  "type": "element",
                  "name": "w:rPr",
                  "elements": [
                    {
                      "type": "element",
                      "name": "w:sz",
                      "attributes": {
                        "w:val": "36"
                      }
                    }
                  ]
                },
                {
                  "type": "element",
                  "name": "w:t",
                  "attributes": {
                    "xml:space": "preserve"
                  },
                  "elements": [
                    {
                      "type": "text",
                      "text": "Thread: "
                    }
                  ]
                }
              ]
            },
            {
              "type": "element",
              "name": "w:r",
              "elements": [
                {
                  "type": "element",
                  "name": "w:rPr",
                  "elements": [
                    {
                      "type": "element",
                      "name": "w:sz",
                      "attributes": {
                        "w:val": "36"
                      }
                    },
                    {
                      "type": "element",
                      "name": "w:b"
                    }
                  ]
                },
                {
                  "type": "element",
                  "name": "w:t",
                  "elements": [
                    {
                      "type": "text",
                      "text": "TEST_2"
                    }
                  ]
                }
              ]
            }
          ]
        },
        {
          "type": "element",
          "name": "w:p",
          "elements": [
            {
              "type": "element",
              "name": "w:r",
              "elements": [
                {
                  "type": "element",
                  "name": "w:t"
                }
              ]
            }
          ]
        },
        {
          "type": "element",
          "name": "w:p",
          "elements": [
            {
              "type": "element",
              "name": "w:pPr",
              "elements": [
                {
                  "type": "element",
                  "name": "w:keepNext"
                }
              ]
            },
            {
              "type": "element",
              "name": "w:r",
              "elements": [
                {
                  "type": "element",
                  "name": "w:rPr",
                  "elements": [
                    {
                      "type": "element",
                      "name": "w:b"
                    },
                    {
                      "type": "element",
                      "name": "w:sz",
                      "attributes": {
                        "w:val": "28"
                      }
                    }
                  ]
                },
                {
                  "type": "element",
                  "name": "w:t",
                  "elements": [
                    {
                      "type": "text",
                      "text": "Year 8"
                    }
                  ]
                }
              ]
            }
          ]
        },
        {
          "type": "element",
          "name": "w:p",
          "elements": [
            {
              "type": "element",
              "name": "w:pPr",
              "elements": [
                {
                  "type": "element",
                  "name": "w:keepNext"
                },
                {
                  "type": "element",
                  "name": "w:numPr",
                  "elements": [
                    {
                      "type": "element",
                      "name": "w:ilvl",
                      "attributes": {
                        "w:val": "0"
                      }
                    },
                    {
                      "type": "element",
                      "name": "w:numId",
                      "attributes": {
                        "w:val": "3"
                      }
                    }
                  ]
                },
                {
                  "type": "element",
                  "name": "w:ind",
                  "attributes": {
                    "w:left": "426"
                  }
                }
              ]
            },
            {
              "type": "element",
              "name": "w:r",
              "elements": [
                {
                  "type": "element",
                  "name": "w:t",
                  "elements": [
                    {
                      "type": "text",
                      "text": "Unit undefined: undefined"
                    }
                  ]
                }
              ]
            }
          ]
        },
        {
          "type": "element",
          "name": "w:p",
          "elements": [
            {
              "type": "element",
              "name": "w:pPr",
              "elements": [
                {
                  "type": "element",
                  "name": "w:sectPr",
                  "elements": [
                    {
                      "type": "element",
                      "name": "w:type",
                      "attributes": {
                        "w:val": "continuous"
                      }
                    },
                    {
                      "type": "element",
                      "name": "w:pgSz",
                      "attributes": {
                        "w:w": "11909",
                        "w:h": "16834"
                      }
                    },
                    {
                      "type": "element",
                      "name": "w:pgMar",
                      "attributes": {
                        "w:top": "567",
                        "w:right": "709",
                        "w:bottom": "709",
                        "w:left": "709",
                        "w:header": "720",
                        "w:footer": "720",
                        "w:gutter": "0"
                      }
                    },
                    {
                      "type": "element",
                      "name": "w:cols",
                      "attributes": {
                        "w:num": "1",
                        "w:space": "720"
                      }
                    }
                  ]
                }
              ]
            }
          ]
        },
        {
          "type": "element",
          "name": "w:p",
          "elements": [
            {
              "type": "element",
              "name": "w:r",
              "elements": [
                {
                  "type": "element",
                  "name": "w:t"
                }
              ]
            }
          ]
        }
      ]
    },
    {
      "type": "element",
      "name": "$FRAGMENT$",
      "elements": [
        {
          "type": "element",
          "name": "w:p",
          "elements": [
            {
              "type": "element",
              "name": "w:pPr",
              "elements": [
                {
                  "type": "element",
                  "name": "w:pageBreakBefore"
                }
              ]
            },
            {
              "type": "element",
              "name": "w:r",
              "elements": [
                {
                  "type": "element",
                  "name": "w:rPr",
                  "elements": [
                    {
                      "type": "element",
                      "name": "w:sz",
                      "attributes": {
                        "w:val": "36"
                      }
                    }
                  ]
                },
                {
                  "type": "element",
                  "name": "w:t",
                  "attributes": {
                    "xml:space": "preserve"
                  },
                  "elements": [
                    {
                      "type": "text",
                      "text": "Thread: "
                    }
                  ]
                }
              ]
            },
            {
              "type": "element",
              "name": "w:r",
              "elements": [
                {
                  "type": "element",
                  "name": "w:rPr",
                  "elements": [
                    {
                      "type": "element",
                      "name": "w:sz",
                      "attributes": {
                        "w:val": "36"
                      }
                    },
                    {
                      "type": "element",
                      "name": "w:b"
                    }
                  ]
                },
                {
                  "type": "element",
                  "name": "w:t",
                  "elements": [
                    {
                      "type": "text",
                      "text": "TEST_3"
                    }
                  ]
                }
              ]
            }
          ]
        },
        {
          "type": "element",
          "name": "w:p",
          "elements": [
            {
              "type": "element",
              "name": "w:r",
              "elements": [
                {
                  "type": "element",
                  "name": "w:t"
                }
              ]
            }
          ]
        },
        {
          "type": "element",
          "name": "w:p",
          "elements": [
            {
              "type": "element",
              "name": "w:pPr",
              "elements": [
                {
                  "type": "element",
                  "name": "w:keepNext"
                }
              ]
            },
            {
              "type": "element",
              "name": "w:r",
              "elements": [
                {
                  "type": "element",
                  "name": "w:rPr",
                  "elements": [
                    {
                      "type": "element",
                      "name": "w:b"
                    },
                    {
                      "type": "element",
                      "name": "w:sz",
                      "attributes": {
                        "w:val": "28"
                      }
                    }
                  ]
                },
                {
                  "type": "element",
                  "name": "w:t",
                  "elements": [
                    {
                      "type": "text",
                      "text": "Year 8"
                    }
                  ]
                }
              ]
            }
          ]
        },
        {
          "type": "element",
          "name": "w:p",
          "elements": [
            {
              "type": "element",
              "name": "w:pPr",
              "elements": [
                {
                  "type": "element",
                  "name": "w:keepNext"
                },
                {
                  "type": "element",
                  "name": "w:numPr",
                  "elements": [
                    {
                      "type": "element",
                      "name": "w:ilvl",
                      "attributes": {
                        "w:val": "0"
                      }
                    },
                    {
                      "type": "element",
                      "name": "w:numId",
                      "attributes": {
                        "w:val": "3"
                      }
                    }
                  ]
                },
                {
                  "type": "element",
                  "name": "w:ind",
                  "attributes": {
                    "w:left": "426"
                  }
                }
              ]
            },
            {
              "type": "element",
              "name": "w:r",
              "elements": [
                {
                  "type": "element",
                  "name": "w:t",
                  "elements": [
                    {
                      "type": "text",
                      "text": "Unit undefined: undefined"
                    }
                  ]
                }
              ]
            }
          ]
        },
        {
          "type": "element",
          "name": "w:p",
          "elements": [
            {
              "type": "element",
              "name": "w:pPr",
              "elements": [
                {
                  "type": "element",
                  "name": "w:sectPr",
                  "elements": [
                    {
                      "type": "element",
                      "name": "w:type",
                      "attributes": {
                        "w:val": "continuous"
                      }
                    },
                    {
                      "type": "element",
                      "name": "w:pgSz",
                      "attributes": {
                        "w:w": "11909",
                        "w:h": "16834"
                      }
                    },
                    {
                      "type": "element",
                      "name": "w:pgMar",
                      "attributes": {
                        "w:top": "567",
                        "w:right": "709",
                        "w:bottom": "709",
                        "w:left": "709",
                        "w:header": "720",
                        "w:footer": "720",
                        "w:gutter": "0"
                      }
                    },
                    {
                      "type": "element",
                      "name": "w:cols",
                      "attributes": {
                        "w:num": "1",
                        "w:space": "720"
                      }
                    }
                  ]
                }
              ]
            }
          ]
        },
        {
          "type": "element",
          "name": "w:p",
          "elements": [
            {
              "type": "element",
              "name": "w:r",
              "elements": [
                {
                  "type": "element",
                  "name": "w:t"
                }
              ]
            }
          ]
        }
      ]
    },
    {
      "type": "element",
      "name": "$FRAGMENT$",
      "elements": [
        {
          "type": "element",
          "name": "w:p",
          "elements": [
            {
              "type": "element",
              "name": "w:pPr",
              "elements": [
                {
                  "type": "element",
                  "name": "w:pageBreakBefore"
                }
              ]
            },
            {
              "type": "element",
              "name": "w:r",
              "elements": [
                {
                  "type": "element",
                  "name": "w:rPr",
                  "elements": [
                    {
                      "type": "element",
                      "name": "w:sz",
                      "attributes": {
                        "w:val": "36"
                      }
                    }
                  ]
                },
                {
                  "type": "element",
                  "name": "w:t",
                  "attributes": {
                    "xml:space": "preserve"
                  },
                  "elements": [
                    {
                      "type": "text",
                      "text": "Thread: "
                    }
                  ]
                }
              ]
            },
            {
              "type": "element",
              "name": "w:r",
              "elements": [
                {
                  "type": "element",
                  "name": "w:rPr",
                  "elements": [
                    {
                      "type": "element",
                      "name": "w:sz",
                      "attributes": {
                        "w:val": "36"
                      }
                    },
                    {
                      "type": "element",
                      "name": "w:b"
                    }
                  ]
                },
                {
                  "type": "element",
                  "name": "w:t",
                  "elements": [
                    {
                      "type": "text",
                      "text": "TEST_4"
                    }
                  ]
                }
              ]
            }
          ]
        },
        {
          "type": "element",
          "name": "w:p",
          "elements": [
            {
              "type": "element",
              "name": "w:r",
              "elements": [
                {
                  "type": "element",
                  "name": "w:t"
                }
              ]
            }
          ]
        },
        {
          "type": "element",
          "name": "w:p",
          "elements": [
            {
              "type": "element",
              "name": "w:pPr",
              "elements": [
                {
                  "type": "element",
                  "name": "w:keepNext"
                }
              ]
            },
            {
              "type": "element",
              "name": "w:r",
              "elements": [
                {
                  "type": "element",
                  "name": "w:rPr",
                  "elements": [
                    {
                      "type": "element",
                      "name": "w:b"
                    },
                    {
                      "type": "element",
                      "name": "w:sz",
                      "attributes": {
                        "w:val": "28"
                      }
                    }
                  ]
                },
                {
                  "type": "element",
                  "name": "w:t",
                  "elements": [
                    {
                      "type": "text",
                      "text": "Year 9"
                    }
                  ]
                }
              ]
            }
          ]
        },
        {
          "type": "element",
          "name": "w:p",
          "elements": [
            {
              "type": "element",
              "name": "w:pPr",
              "elements": [
                {
                  "type": "element",
                  "name": "w:keepNext"
                },
                {
                  "type": "element",
                  "name": "w:numPr",
                  "elements": [
                    {
                      "type": "element",
                      "name": "w:ilvl",
                      "attributes": {
                        "w:val": "0"
                      }
                    },
                    {
                      "type": "element",
                      "name": "w:numId",
                      "attributes": {
                        "w:val": "3"
                      }
                    }
                  ]
                },
                {
                  "type": "element",
                  "name": "w:ind",
                  "attributes": {
                    "w:left": "426"
                  }
                }
              ]
            },
            {
              "type": "element",
              "name": "w:r",
              "elements": [
                {
                  "type": "element",
                  "name": "w:t",
                  "elements": [
                    {
                      "type": "text",
                      "text": "Unit undefined: undefined"
                    }
                  ]
                }
              ]
            }
          ]
        },
        {
          "type": "element",
          "name": "w:p",
          "elements": [
            {
              "type": "element",
              "name": "w:pPr",
              "elements": [
                {
                  "type": "element",
                  "name": "w:sectPr",
                  "elements": [
                    {
                      "type": "element",
                      "name": "w:type",
                      "attributes": {
                        "w:val": "continuous"
                      }
                    },
                    {
                      "type": "element",
                      "name": "w:pgSz",
                      "attributes": {
                        "w:w": "11909",
                        "w:h": "16834"
                      }
                    },
                    {
                      "type": "element",
                      "name": "w:pgMar",
                      "attributes": {
                        "w:top": "567",
                        "w:right": "709",
                        "w:bottom": "709",
                        "w:left": "709",
                        "w:header": "720",
                        "w:footer": "720",
                        "w:gutter": "0"
                      }
                    },
                    {
                      "type": "element",
                      "name": "w:cols",
                      "attributes": {
                        "w:num": "1",
                        "w:space": "720"
                      }
                    }
                  ]
                }
              ]
            }
          ]
        },
        {
          "type": "element",
          "name": "w:p",
          "elements": [
            {
              "type": "element",
              "name": "w:r",
              "elements": [
                {
                  "type": "element",
                  "name": "w:t"
                }
              ]
            }
          ]
        }
      ]
    },
    {
      "type": "element",
      "name": "$FRAGMENT$",
      "elements": [
        {
          "type": "element",
          "name": "w:p",
          "elements": [
            {
              "type": "element",
              "name": "w:pPr",
              "elements": [
                {
                  "type": "element",
                  "name": "w:pageBreakBefore"
                }
              ]
            },
            {
              "type": "element",
              "name": "w:r",
              "elements": [
                {
                  "type": "element",
                  "name": "w:rPr",
                  "elements": [
                    {
                      "type": "element",
                      "name": "w:sz",
                      "attributes": {
                        "w:val": "36"
                      }
                    }
                  ]
                },
                {
                  "type": "element",
                  "name": "w:t",
                  "attributes": {
                    "xml:space": "preserve"
                  },
                  "elements": [
                    {
                      "type": "text",
                      "text": "Thread: "
                    }
                  ]
                }
              ]
            },
            {
              "type": "element",
              "name": "w:r",
              "elements": [
                {
                  "type": "element",
                  "name": "w:rPr",
                  "elements": [
                    {
                      "type": "element",
                      "name": "w:sz",
                      "attributes": {
                        "w:val": "36"
                      }
                    },
                    {
                      "type": "element",
                      "name": "w:b"
                    }
                  ]
                },
                {
                  "type": "element",
                  "name": "w:t",
                  "elements": [
                    {
                      "type": "text",
                      "text": "TEST_5"
                    }
                  ]
                }
              ]
            }
          ]
        },
        {
          "type": "element",
          "name": "w:p",
          "elements": [
            {
              "type": "element",
              "name": "w:r",
              "elements": [
                {
                  "type": "element",
                  "name": "w:t"
                }
              ]
            }
          ]
        },
        {
          "type": "element",
          "name": "w:p",
          "elements": [
            {
              "type": "element",
              "name": "w:pPr",
              "elements": [
                {
                  "type": "element",
                  "name": "w:keepNext"
                }
              ]
            },
            {
              "type": "element",
              "name": "w:r",
              "elements": [
                {
                  "type": "element",
                  "name": "w:rPr",
                  "elements": [
                    {
                      "type": "element",
                      "name": "w:b"
                    },
                    {
                      "type": "element",
                      "name": "w:sz",
                      "attributes": {
                        "w:val": "28"
                      }
                    }
                  ]
                },
                {
                  "type": "element",
                  "name": "w:t",
                  "elements": [
                    {
                      "type": "text",
                      "text": "Year 9"
                    }
                  ]
                }
              ]
            }
          ]
        },
        {
          "type": "element",
          "name": "w:p",
          "elements": [
            {
              "type": "element",
              "name": "w:pPr",
              "elements": [
                {
                  "type": "element",
                  "name": "w:keepNext"
                },
                {
                  "type": "element",
                  "name": "w:numPr",
                  "elements": [
                    {
                      "type": "element",
                      "name": "w:ilvl",
                      "attributes": {
                        "w:val": "0"
                      }
                    },
                    {
                      "type": "element",
                      "name": "w:numId",
                      "attributes": {
                        "w:val": "3"
                      }
                    }
                  ]
                },
                {
                  "type": "element",
                  "name": "w:ind",
                  "attributes": {
                    "w:left": "426"
                  }
                }
              ]
            },
            {
              "type": "element",
              "name": "w:r",
              "elements": [
                {
                  "type": "element",
                  "name": "w:t",
                  "elements": [
                    {
                      "type": "text",
                      "text": "Unit undefined: undefined"
                    }
                  ]
                }
              ]
            }
          ]
        },
        {
          "type": "element",
          "name": "w:p",
          "elements": [
            {
              "type": "element",
              "name": "w:pPr",
              "elements": [
                {
                  "type": "element",
                  "name": "w:sectPr",
                  "elements": [
                    {
                      "type": "element",
                      "name": "w:type",
                      "attributes": {
                        "w:val": "continuous"
                      }
                    },
                    {
                      "type": "element",
                      "name": "w:pgSz",
                      "attributes": {
                        "w:w": "11909",
                        "w:h": "16834"
                      }
                    },
                    {
                      "type": "element",
                      "name": "w:pgMar",
                      "attributes": {
                        "w:top": "567",
                        "w:right": "709",
                        "w:bottom": "709",
                        "w:left": "709",
                        "w:header": "720",
                        "w:footer": "720",
                        "w:gutter": "0"
                      }
                    },
                    {
                      "type": "element",
                      "name": "w:cols",
                      "attributes": {
                        "w:num": "1",
                        "w:space": "720"
                      }
                    }
                  ]
                }
              ]
            }
          ]
        },
        {
          "type": "element",
          "name": "w:p",
          "elements": [
            {
              "type": "element",
              "name": "w:r",
              "elements": [
                {
                  "type": "element",
                  "name": "w:t"
                }
              ]
            }
          ]
        }
      ]
    },
    {
      "type": "element",
      "name": "$FRAGMENT$",
      "elements": [
        {
          "type": "element",
          "name": "w:p",
          "elements": [
            {
              "type": "element",
              "name": "w:pPr",
              "elements": [
                {
                  "type": "element",
                  "name": "w:pageBreakBefore"
                }
              ]
            },
            {
              "type": "element",
              "name": "w:r",
              "elements": [
                {
                  "type": "element",
                  "name": "w:rPr",
                  "elements": [
                    {
                      "type": "element",
                      "name": "w:sz",
                      "attributes": {
                        "w:val": "36"
                      }
                    }
                  ]
                },
                {
                  "type": "element",
                  "name": "w:t",
                  "attributes": {
                    "xml:space": "preserve"
                  },
                  "elements": [
                    {
                      "type": "text",
                      "text": "Thread: "
                    }
                  ]
                }
              ]
            },
            {
              "type": "element",
              "name": "w:r",
              "elements": [
                {
                  "type": "element",
                  "name": "w:rPr",
                  "elements": [
                    {
                      "type": "element",
                      "name": "w:sz",
                      "attributes": {
                        "w:val": "36"
                      }
                    },
                    {
                      "type": "element",
                      "name": "w:b"
                    }
                  ]
                },
                {
                  "type": "element",
                  "name": "w:t",
                  "elements": [
                    {
                      "type": "text",
                      "text": "TEST_6"
                    }
                  ]
                }
              ]
            }
          ]
        },
        {
          "type": "element",
          "name": "w:p",
          "elements": [
            {
              "type": "element",
              "name": "w:r",
              "elements": [
                {
                  "type": "element",
                  "name": "w:t"
                }
              ]
            }
          ]
        },
        {
          "type": "element",
          "name": "w:p",
          "elements": [
            {
              "type": "element",
              "name": "w:pPr",
              "elements": [
                {
                  "type": "element",
                  "name": "w:keepNext"
                }
              ]
            },
            {
              "type": "element",
              "name": "w:r",
              "elements": [
                {
                  "type": "element",
                  "name": "w:rPr",
                  "elements": [
                    {
                      "type": "element",
                      "name": "w:b"
                    },
                    {
                      "type": "element",
                      "name": "w:sz",
                      "attributes": {
                        "w:val": "28"
                      }
                    }
                  ]
                },
                {
                  "type": "element",
                  "name": "w:t",
                  "elements": [
                    {
                      "type": "text",
                      "text": "Year 9"
                    }
                  ]
                }
              ]
            }
          ]
        },
        {
          "type": "element",
          "name": "w:p",
          "elements": [
            {
              "type": "element",
              "name": "w:pPr",
              "elements": [
                {
                  "type": "element",
                  "name": "w:keepNext"
                },
                {
                  "type": "element",
                  "name": "w:numPr",
                  "elements": [
                    {
                      "type": "element",
                      "name": "w:ilvl",
                      "attributes": {
                        "w:val": "0"
                      }
                    },
                    {
                      "type": "element",
                      "name": "w:numId",
                      "attributes": {
                        "w:val": "3"
                      }
                    }
                  ]
                },
                {
                  "type": "element",
                  "name": "w:ind",
                  "attributes": {
                    "w:left": "426"
                  }
                }
              ]
            },
            {
              "type": "element",
              "name": "w:r",
              "elements": [
                {
                  "type": "element",
                  "name": "w:t",
                  "elements": [
                    {
                      "type": "text",
                      "text": "Unit undefined: undefined"
                    }
                  ]
                }
              ]
            }
          ]
        },
        {
          "type": "element",
          "name": "w:p",
          "elements": [
            {
              "type": "element",
              "name": "w:pPr",
              "elements": [
                {
                  "type": "element",
                  "name": "w:sectPr",
                  "elements": [
                    {
                      "type": "element",
                      "name": "w:type",
                      "attributes": {
                        "w:val": "continuous"
                      }
                    },
                    {
                      "type": "element",
                      "name": "w:pgSz",
                      "attributes": {
                        "w:w": "11909",
                        "w:h": "16834"
                      }
                    },
                    {
                      "type": "element",
                      "name": "w:pgMar",
                      "attributes": {
                        "w:top": "567",
                        "w:right": "709",
                        "w:bottom": "709",
                        "w:left": "709",
                        "w:header": "720",
                        "w:footer": "720",
                        "w:gutter": "0"
                      }
                    },
                    {
                      "type": "element",
                      "name": "w:cols",
                      "attributes": {
                        "w:num": "1",
                        "w:space": "720"
                      }
                    }
                  ]
                }
              ]
            }
          ]
        },
        {
          "type": "element",
          "name": "w:p",
          "elements": [
            {
              "type": "element",
              "name": "w:r",
              "elements": [
                {
                  "type": "element",
                  "name": "w:t"
                }
              ]
            }
          ]
        }
      ]
    },
    {
      "type": "element",
      "name": "$FRAGMENT$",
      "elements": [
        {
          "type": "element",
          "name": "w:p",
          "elements": [
            {
              "type": "element",
              "name": "w:pPr",
              "elements": [
                {
                  "type": "element",
                  "name": "w:pageBreakBefore"
                }
              ]
            },
            {
              "type": "element",
              "name": "w:r",
              "elements": [
                {
                  "type": "element",
                  "name": "w:rPr",
                  "elements": [
                    {
                      "type": "element",
                      "name": "w:sz",
                      "attributes": {
                        "w:val": "36"
                      }
                    }
                  ]
                },
                {
                  "type": "element",
                  "name": "w:t",
                  "attributes": {
                    "xml:space": "preserve"
                  },
                  "elements": [
                    {
                      "type": "text",
                      "text": "Thread: "
                    }
                  ]
                }
              ]
            },
            {
              "type": "element",
              "name": "w:r",
              "elements": [
                {
                  "type": "element",
                  "name": "w:rPr",
                  "elements": [
                    {
                      "type": "element",
                      "name": "w:sz",
                      "attributes": {
                        "w:val": "36"
                      }
                    },
                    {
                      "type": "element",
                      "name": "w:b"
                    }
                  ]
                },
                {
                  "type": "element",
                  "name": "w:t",
                  "elements": [
                    {
                      "type": "text",
                      "text": "TEST_7"
                    }
                  ]
                }
              ]
            }
          ]
        },
        {
          "type": "element",
          "name": "w:p",
          "elements": [
            {
              "type": "element",
              "name": "w:r",
              "elements": [
                {
                  "type": "element",
                  "name": "w:t"
                }
              ]
            }
          ]
        },
        {
          "type": "element",
          "name": "w:p",
          "elements": [
            {
              "type": "element",
              "name": "w:pPr",
              "elements": [
                {
                  "type": "element",
                  "name": "w:keepNext"
                }
              ]
            },
            {
              "type": "element",
              "name": "w:r",
              "elements": [
                {
                  "type": "element",
                  "name": "w:rPr",
                  "elements": [
                    {
                      "type": "element",
                      "name": "w:b"
                    },
                    {
                      "type": "element",
                      "name": "w:sz",
                      "attributes": {
                        "w:val": "28"
                      }
                    }
                  ]
                },
                {
                  "type": "element",
                  "name": "w:t",
                  "elements": [
                    {
                      "type": "text",
                      "text": "Year 10"
                    }
                  ]
                }
              ]
            }
          ]
        },
        {
          "type": "element",
          "name": "w:p",
          "elements": [
            {
              "type": "element",
              "name": "w:pPr",
              "elements": [
                {
                  "type": "element",
                  "name": "w:keepNext"
                },
                {
                  "type": "element",
                  "name": "w:numPr",
                  "elements": [
                    {
                      "type": "element",
                      "name": "w:ilvl",
                      "attributes": {
                        "w:val": "0"
                      }
                    },
                    {
                      "type": "element",
                      "name": "w:numId",
                      "attributes": {
                        "w:val": "3"
                      }
                    }
                  ]
                },
                {
                  "type": "element",
                  "name": "w:ind",
                  "attributes": {
                    "w:left": "426"
                  }
                }
              ]
            },
            {
              "type": "element",
              "name": "w:r",
              "elements": [
                {
                  "type": "element",
                  "name": "w:t",
                  "elements": [
                    {
                      "type": "text",
                      "text": "Unit undefined: undefined"
                    }
                  ]
                }
              ]
            }
          ]
        },
        {
          "type": "element",
          "name": "w:p",
          "elements": [
            {
              "type": "element",
              "name": "w:pPr",
              "elements": [
                {
                  "type": "element",
                  "name": "w:sectPr",
                  "elements": [
                    {
                      "type": "element",
                      "name": "w:type",
                      "attributes": {
                        "w:val": "continuous"
                      }
                    },
                    {
                      "type": "element",
                      "name": "w:pgSz",
                      "attributes": {
                        "w:w": "11909",
                        "w:h": "16834"
                      }
                    },
                    {
                      "type": "element",
                      "name": "w:pgMar",
                      "attributes": {
                        "w:top": "567",
                        "w:right": "709",
                        "w:bottom": "709",
                        "w:left": "709",
                        "w:header": "720",
                        "w:footer": "720",
                        "w:gutter": "0"
                      }
                    },
                    {
                      "type": "element",
                      "name": "w:cols",
                      "attributes": {
                        "w:num": "1",
                        "w:space": "720"
                      }
                    }
                  ]
                }
              ]
            }
          ]
        },
        {
          "type": "element",
          "name": "w:p",
          "elements": [
            {
              "type": "element",
              "name": "w:r",
              "elements": [
                {
                  "type": "element",
                  "name": "w:t"
                }
              ]
            }
          ]
        }
      ]
    },
    {
      "type": "element",
      "name": "$FRAGMENT$",
      "elements": [
        {
          "type": "element",
          "name": "w:p",
          "elements": [
            {
              "type": "element",
              "name": "w:pPr",
              "elements": [
                {
                  "type": "element",
                  "name": "w:pageBreakBefore"
                }
              ]
            },
            {
              "type": "element",
              "name": "w:r",
              "elements": [
                {
                  "type": "element",
                  "name": "w:rPr",
                  "elements": [
                    {
                      "type": "element",
                      "name": "w:sz",
                      "attributes": {
                        "w:val": "36"
                      }
                    }
                  ]
                },
                {
                  "type": "element",
                  "name": "w:t",
                  "attributes": {
                    "xml:space": "preserve"
                  },
                  "elements": [
                    {
                      "type": "text",
                      "text": "Thread: "
                    }
                  ]
                }
              ]
            },
            {
              "type": "element",
              "name": "w:r",
              "elements": [
                {
                  "type": "element",
                  "name": "w:rPr",
                  "elements": [
                    {
                      "type": "element",
                      "name": "w:sz",
                      "attributes": {
                        "w:val": "36"
                      }
                    },
                    {
                      "type": "element",
                      "name": "w:b"
                    }
                  ]
                },
                {
                  "type": "element",
                  "name": "w:t",
                  "elements": [
                    {
                      "type": "text",
                      "text": "TEST_8"
                    }
                  ]
                }
              ]
            }
          ]
        },
        {
          "type": "element",
          "name": "w:p",
          "elements": [
            {
              "type": "element",
              "name": "w:r",
              "elements": [
                {
                  "type": "element",
                  "name": "w:t"
                }
              ]
            }
          ]
        },
        {
          "type": "element",
          "name": "w:p",
          "elements": [
            {
              "type": "element",
              "name": "w:pPr",
              "elements": [
                {
                  "type": "element",
                  "name": "w:keepNext"
                }
              ]
            },
            {
              "type": "element",
              "name": "w:r",
              "elements": [
                {
                  "type": "element",
                  "name": "w:rPr",
                  "elements": [
                    {
                      "type": "element",
                      "name": "w:b"
                    },
                    {
                      "type": "element",
                      "name": "w:sz",
                      "attributes": {
                        "w:val": "28"
                      }
                    }
                  ]
                },
                {
                  "type": "element",
                  "name": "w:t",
                  "elements": [
                    {
                      "type": "text",
                      "text": "Year 10"
                    }
                  ]
                }
              ]
            }
          ]
        },
        {
          "type": "element",
          "name": "w:p",
          "elements": [
            {
              "type": "element",
              "name": "w:pPr",
              "elements": [
                {
                  "type": "element",
                  "name": "w:keepNext"
                },
                {
                  "type": "element",
                  "name": "w:numPr",
                  "elements": [
                    {
                      "type": "element",
                      "name": "w:ilvl",
                      "attributes": {
                        "w:val": "0"
                      }
                    },
                    {
                      "type": "element",
                      "name": "w:numId",
                      "attributes": {
                        "w:val": "3"
                      }
                    }
                  ]
                },
                {
                  "type": "element",
                  "name": "w:ind",
                  "attributes": {
                    "w:left": "426"
                  }
                }
              ]
            },
            {
              "type": "element",
              "name": "w:r",
              "elements": [
                {
                  "type": "element",
                  "name": "w:t",
                  "elements": [
                    {
                      "type": "text",
                      "text": "Unit undefined: undefined"
                    }
                  ]
                }
              ]
            }
          ]
        },
        {
          "type": "element",
          "name": "w:p",
          "elements": [
            {
              "type": "element",
              "name": "w:pPr",
              "elements": [
                {
                  "type": "element",
                  "name": "w:sectPr",
                  "elements": [
                    {
                      "type": "element",
                      "name": "w:type",
                      "attributes": {
                        "w:val": "continuous"
                      }
                    },
                    {
                      "type": "element",
                      "name": "w:pgSz",
                      "attributes": {
                        "w:w": "11909",
                        "w:h": "16834"
                      }
                    },
                    {
                      "type": "element",
                      "name": "w:pgMar",
                      "attributes": {
                        "w:top": "567",
                        "w:right": "709",
                        "w:bottom": "709",
                        "w:left": "709",
                        "w:header": "720",
                        "w:footer": "720",
                        "w:gutter": "0"
                      }
                    },
                    {
                      "type": "element",
                      "name": "w:cols",
                      "attributes": {
                        "w:num": "1",
                        "w:space": "720"
                      }
                    }
                  ]
                }
              ]
            }
          ]
        },
        {
          "type": "element",
          "name": "w:p",
          "elements": [
            {
              "type": "element",
              "name": "w:r",
              "elements": [
                {
                  "type": "element",
                  "name": "w:t"
                }
              ]
            }
          ]
        }
      ]
    },
    {
      "type": "element",
      "name": "$FRAGMENT$",
      "elements": [
        {
          "type": "element",
          "name": "w:p",
          "elements": [
            {
              "type": "element",
              "name": "w:pPr",
              "elements": [
                {
                  "type": "element",
                  "name": "w:pageBreakBefore"
                }
              ]
            },
            {
              "type": "element",
              "name": "w:r",
              "elements": [
                {
                  "type": "element",
                  "name": "w:rPr",
                  "elements": [
                    {
                      "type": "element",
                      "name": "w:sz",
                      "attributes": {
                        "w:val": "36"
                      }
                    }
                  ]
                },
                {
                  "type": "element",
                  "name": "w:t",
                  "attributes": {
                    "xml:space": "preserve"
                  },
                  "elements": [
                    {
                      "type": "text",
                      "text": "Thread: "
                    }
                  ]
                }
              ]
            },
            {
              "type": "element",
              "name": "w:r",
              "elements": [
                {
                  "type": "element",
                  "name": "w:rPr",
                  "elements": [
                    {
                      "type": "element",
                      "name": "w:sz",
                      "attributes": {
                        "w:val": "36"
                      }
                    },
                    {
                      "type": "element",
                      "name": "w:b"
                    }
                  ]
                },
                {
                  "type": "element",
                  "name": "w:t",
                  "elements": [
                    {
                      "type": "text",
                      "text": "TEST_9"
                    }
                  ]
                }
              ]
            }
          ]
        },
        {
          "type": "element",
          "name": "w:p",
          "elements": [
            {
              "type": "element",
              "name": "w:r",
              "elements": [
                {
                  "type": "element",
                  "name": "w:t"
                }
              ]
            }
          ]
        },
        {
          "type": "element",
          "name": "w:p",
          "elements": [
            {
              "type": "element",
              "name": "w:pPr",
              "elements": [
                {
                  "type": "element",
                  "name": "w:keepNext"
                }
              ]
            },
            {
              "type": "element",
              "name": "w:r",
              "elements": [
                {
                  "type": "element",
                  "name": "w:rPr",
                  "elements": [
                    {
                      "type": "element",
                      "name": "w:b"
                    },
                    {
                      "type": "element",
                      "name": "w:sz",
                      "attributes": {
                        "w:val": "28"
                      }
                    }
                  ]
                },
                {
                  "type": "element",
                  "name": "w:t",
                  "elements": [
                    {
                      "type": "text",
                      "text": "Year 10"
                    }
                  ]
                }
              ]
            }
          ]
        },
        {
          "type": "element",
          "name": "w:p",
          "elements": [
            {
              "type": "element",
              "name": "w:pPr",
              "elements": [
                {
                  "type": "element",
                  "name": "w:keepNext"
                },
                {
                  "type": "element",
                  "name": "w:numPr",
                  "elements": [
                    {
                      "type": "element",
                      "name": "w:ilvl",
                      "attributes": {
                        "w:val": "0"
                      }
                    },
                    {
                      "type": "element",
                      "name": "w:numId",
                      "attributes": {
                        "w:val": "3"
                      }
                    }
                  ]
                },
                {
                  "type": "element",
                  "name": "w:ind",
                  "attributes": {
                    "w:left": "426"
                  }
                }
              ]
            },
            {
              "type": "element",
              "name": "w:r",
              "elements": [
                {
                  "type": "element",
                  "name": "w:t",
                  "elements": [
                    {
                      "type": "text",
                      "text": "Unit undefined: undefined"
                    }
                  ]
                }
              ]
            }
          ]
        },
        {
          "type": "element",
          "name": "w:p",
          "elements": [
            {
              "type": "element",
              "name": "w:pPr",
              "elements": [
                {
                  "type": "element",
                  "name": "w:sectPr",
                  "elements": [
                    {
                      "type": "element",
                      "name": "w:type",
                      "attributes": {
                        "w:val": "continuous"
                      }
                    },
                    {
                      "type": "element",
                      "name": "w:pgSz",
                      "attributes": {
                        "w:w": "11909",
                        "w:h": "16834"
                      }
                    },
                    {
                      "type": "element",
                      "name": "w:pgMar",
                      "attributes": {
                        "w:top": "567",
                        "w:right": "709",
                        "w:bottom": "709",
                        "w:left": "709",
                        "w:header": "720",
                        "w:footer": "720",
                        "w:gutter": "0"
                      }
                    },
                    {
                      "type": "element",
                      "name": "w:cols",
                      "attributes": {
                        "w:num": "1",
                        "w:space": "720"
                      }
                    }
                  ]
                }
              ]
            }
          ]
        },
        {
          "type": "element",
          "name": "w:p",
          "elements": [
            {
              "type": "element",
              "name": "w:r",
              "elements": [
                {
                  "type": "element",
                  "name": "w:t"
                }
              ]
            }
          ]
        }
      ]
    }
  ]
}"
`;
