// Jest Snapshot v1, https://goo.gl/fbAQLP

exports[`CurricVisualiserUnitList should display a list of units 1`] = `
<body>
  <div>
    <div
      class="sc-fqkvVR sc-kAyceB gOQIrG fwDdho"
      data-testid="unit-cards"
      style="margin-bottom: -1rem;"
    >
      <ol
        class="sc-5d843393-0 iZMTYF"
        role="list"
      >
        <li
          class="sc-5d843393-1 exkneQ"
        >
          <div
            class="sc-fqkvVR sc-85abac1-0 jdSkEU jXwLFO"
          >
            <a
              class="sc-736180ff-0 bsbMHP"
              data-testid="unit-info-link"
              href="/one"
            >
              <div
                class="sc-fqkvVR sc-kAyceB hjukdb eeevb"
                data-testid="unit-card"
              >
                <div
                  class="sc-fqkvVR sc-kAyceB fgBWrW moWty"
                >
                  <div
                    class="sc-9d6b6245-0 bZsOFK pa11y-ignore"
                  >
                    <span
                      aria-hidden="true"
                    >
                      1
                    </span>
                  </div>
                  <span
                    class="sc-dAlyuH eeepiN"
                  >
                    One
                  </span>
                </div>
                <div
                  class="sc-fqkvVR sc-kAyceB julalA kUbvNw"
                >
                  <div
                    class="sc-fqkvVR sc-kAyceB fgBWrW gCgXGf"
                  >
                    <div
                      class="sc-fqkvVR sc-gFqAkR kxMTGH idOnvL"
                    >
                      Unit info
                    </div>
                    <div
                      class="sc-fqkvVR kbnxKi"
                    >
                      <img
                        alt=""
                        class="sc-dcJsrY beWtwI"
                        data-nimg="fill"
                        decoding="async"
                        loading="lazy"
                        src="https://next_public_oak_assets_host/NEXT_PUBLIC_OAK_ASSETS_PATH/v1707752509/icons/vk9xxxhnsltsickom6q9.svg"
                        style="position: absolute; height: 100%; width: 100%; left: 0px; top: 0px; right: 0px; bottom: 0px; color: transparent;"
                      />
                    </div>
                  </div>
                </div>
              </div>
            </a>
          </div>
        </li>
        <li
          class="sc-5d843393-1 exkneQ"
        >
          <div
            class="sc-fqkvVR sc-85abac1-0 jdSkEU jXwLFO"
          >
            <a
              class="sc-736180ff-0 bsbMHP"
              data-testid="unit-info-link"
              href="/two"
            >
              <div
                class="sc-fqkvVR sc-kAyceB hjukdb eeevb"
                data-testid="unit-card"
              >
                <div
                  class="sc-fqkvVR sc-kAyceB fgBWrW moWty"
                >
                  <div
                    class="sc-9d6b6245-0 bZsOFK pa11y-ignore"
                  >
                    <span
                      aria-hidden="true"
                    >
                      2
                    </span>
                  </div>
                  <span
                    class="sc-dAlyuH eeepiN"
                  >
                    Two
                  </span>
                </div>
                <div
                  class="sc-fqkvVR sc-kAyceB julalA kUbvNw"
                >
                  <div
                    class="sc-fqkvVR sc-kAyceB fgBWrW gCgXGf"
                  >
                    <div
                      class="sc-fqkvVR sc-gFqAkR kxMTGH idOnvL"
                    >
                      Unit info
                    </div>
                    <div
                      class="sc-fqkvVR kbnxKi"
                    >
                      <img
                        alt=""
                        class="sc-dcJsrY beWtwI"
                        data-nimg="fill"
                        decoding="async"
                        loading="lazy"
                        src="https://next_public_oak_assets_host/NEXT_PUBLIC_OAK_ASSETS_PATH/v1707752509/icons/vk9xxxhnsltsickom6q9.svg"
                        style="position: absolute; height: 100%; width: 100%; left: 0px; top: 0px; right: 0px; bottom: 0px; color: transparent;"
                      />
                    </div>
                  </div>
                </div>
              </div>
            </a>
          </div>
        </li>
        <li
          class="sc-5d843393-1 exkneQ"
        >
          <div
            class="sc-fqkvVR sc-85abac1-0 jdSkEU jXwLFO"
          >
            <a
              class="sc-736180ff-0 bsbMHP"
              data-testid="unit-info-link"
              href="/three"
            >
              <div
                class="sc-fqkvVR sc-kAyceB hjukdb eeevb"
                data-testid="unit-card"
              >
                <div
                  class="sc-fqkvVR sc-kAyceB fgBWrW moWty"
                >
                  <div
                    class="sc-9d6b6245-0 bZsOFK pa11y-ignore"
                  >
                    <span
                      aria-hidden="true"
                    >
                      3
                    </span>
                  </div>
                  <span
                    class="sc-dAlyuH eeepiN"
                  >
                    Three
                  </span>
                </div>
                <div
                  class="sc-fqkvVR sc-kAyceB julalA kUbvNw"
                >
                  <div
                    class="sc-fqkvVR sc-kAyceB fgBWrW gCgXGf"
                  >
                    <div
                      class="sc-fqkvVR sc-gFqAkR kxMTGH idOnvL"
                    >
                      Unit info
                    </div>
                    <div
                      class="sc-fqkvVR kbnxKi"
                    >
                      <img
                        alt=""
                        class="sc-dcJsrY beWtwI"
                        data-nimg="fill"
                        decoding="async"
                        loading="lazy"
                        src="https://next_public_oak_assets_host/NEXT_PUBLIC_OAK_ASSETS_PATH/v1707752509/icons/vk9xxxhnsltsickom6q9.svg"
                        style="position: absolute; height: 100%; width: 100%; left: 0px; top: 0px; right: 0px; bottom: 0px; color: transparent;"
                      />
                    </div>
                  </div>
                </div>
              </div>
            </a>
          </div>
        </li>
        <li
          class="sc-5d843393-1 exkneQ"
        >
          <div
            class="sc-fqkvVR sc-85abac1-0 jdSkEU jXwLFO"
          >
            <a
              class="sc-736180ff-0 bsbMHP"
              data-testid="unit-info-link"
              href="/four"
            >
              <div
                class="sc-fqkvVR sc-kAyceB hjukdb eeevb"
                data-testid="unit-card"
              >
                <div
                  class="sc-fqkvVR sc-kAyceB fgBWrW moWty"
                >
                  <div
                    class="sc-9d6b6245-0 bZsOFK pa11y-ignore"
                  >
                    <span
                      aria-hidden="true"
                    >
                      4
                    </span>
                  </div>
                  <span
                    class="sc-dAlyuH eeepiN"
                  >
                    Four
                  </span>
                </div>
                <div
                  class="sc-fqkvVR sc-kAyceB julalA kUbvNw"
                >
                  <div
                    class="sc-fqkvVR sc-kAyceB fgBWrW gCgXGf"
                  >
                    <div
                      class="sc-fqkvVR sc-gFqAkR kxMTGH idOnvL"
                    >
                      Unit info
                    </div>
                    <div
                      class="sc-fqkvVR kbnxKi"
                    >
                      <img
                        alt=""
                        class="sc-dcJsrY beWtwI"
                        data-nimg="fill"
                        decoding="async"
                        loading="lazy"
                        src="https://next_public_oak_assets_host/NEXT_PUBLIC_OAK_ASSETS_PATH/v1707752509/icons/vk9xxxhnsltsickom6q9.svg"
                        style="position: absolute; height: 100%; width: 100%; left: 0px; top: 0px; right: 0px; bottom: 0px; color: transparent;"
                      />
                    </div>
                  </div>
                </div>
              </div>
            </a>
          </div>
        </li>
        <div
          class="sc-fqkvVR sc-kAyceB iASqjD bAFsaQ"
        />
        <div
          class="sc-fqkvVR sc-kAyceB iASqjD bAFsaQ"
        />
        <div
          class="sc-fqkvVR sc-kAyceB iASqjD bAFsaQ"
        />
      </ol>
    </div>
  </div>
</body>
`;
