// Jest Snapshot v1, https://goo.gl/fbAQLP

exports[`SkipLink functions as expected 1`] = `
<body>
  <div>
    <div
      class="sc-fqkvVR sc-gmPhUn ifdHCZ fGXRhP"
    >
      <div
        class="sc-fqkvVR gIPXKL grey-shadow"
      />
      <div
        class="sc-fqkvVR gIPXKL yellow-shadow"
      />
      <a
        class="sc-jxOSlx sc-gFAWRd jEGIrQ jSchQQ internal-button"
        data-testid="skip-link"
        href="foo"
        style=""
      >
        <div
          class="sc-fqkvVR sc-gsFSXq bjeqlm dzOlKm"
        >
          <span
            class="sc-kpDqfm izJBLj"
          >
            test
          </span>
        </div>
      </a>
    </div>
  </div>
</body>
`;
