// Jest Snapshot v1, https://goo.gl/fbAQLP

exports[`SkipLink functions as expected 1`] = `
<body>
  <div>
    <div
      class="sc-fqkvVR sc-iHbSHJ eJBGXR fIxqXk"
    >
      <div
        class="sc-fqkvVR iPpXCP grey-shadow"
      />
      <div
        class="sc-fqkvVR iPpXCP yellow-shadow"
      />
      <a
        class="sc-lcIPJg sc-hRJfrW kjNddQ dpmFSv internal-button"
        data-testid="skip-link"
        href="foo"
        style=""
      >
        <div
          class="sc-fqkvVR sc-gsFSXq fgBWrW dzOlKm"
        >
          <span
            class="sc-kpDqfm jpmbqG"
          >
            test
          </span>
        </div>
      </a>
    </div>
  </div>
</body>
`;
