// Jest Snapshot v1, https://goo.gl/fbAQLP

exports[`SkipLink functions as expected 1`] = `
<body>
  <div>
    <div
      class="sc-fqkvVR sc-hknOHE gQBvmm jlgHyZ"
    >
      <div
        class="sc-fqkvVR hHxuBp grey-shadow"
      />
      <div
        class="sc-fqkvVR hHxuBp yellow-shadow"
      />
      <a
        class="sc-kOPcWz sc-bbSZdi bojcmk bliGbZ internal-button"
        data-testid="skip-link"
        href="foo"
        style=""
      >
        <div
          class="sc-fqkvVR sc-kAyceB aZqjs cHFgFN"
        >
          <span
            class="sc-dAlyuH dYZdPz"
          >
            test
          </span>
        </div>
      </a>
    </div>
  </div>
</body>
`;
