// Jest Snapshot v1, https://goo.gl/fbAQLP

exports[`core layout renders correctly 1`] = `
<React.Fragment>
  <TopNav
    pupils={
      {
        "help": {
          "external": true,
          "href": "https://support.thenational.academy",
          "slug": "help",
          "title": "Help",
        },
        "primary": {
          "children": [
            {
              "slug": "year-1",
              "title": "Year 1",
            },
            {
              "slug": "year-2",
              "title": "Year 2",
            },
            {
              "slug": "year-3",
              "title": "Year 3",
            },
            {
              "slug": "year-4",
              "title": "Year 4",
            },
            {
              "slug": "year-5",
              "title": "Year 5",
            },
            {
              "slug": "year-6",
              "title": "Year 6",
            },
          ],
          "slug": "primary",
          "title": "Primary",
        },
        "secondary": {
          "children": [
            {
              "slug": "year-7",
              "title": "Year 7",
            },
            {
              "slug": "year-8",
              "title": "Year 8",
            },
            {
              "slug": "year-9",
              "title": "Year 9",
            },
            {
              "slug": "year-10",
              "title": "Year 10",
            },
            {
              "slug": "year-11",
              "title": "Year 11",
            },
          ],
          "slug": "secondary",
          "title": "Secondary",
        },
      }
    }
    teachers={
      {
        "aboutUs": {
          "children": [
            {
              "href": "/about-us/who-we-are",
              "slug": "about-who-we-are",
              "title": "Who we are",
            },
            {
              "href": "/about-us/board",
              "slug": "about-board",
              "title": "Board",
            },
          ],
          "slug": "aboutUs",
          "title": "About us",
        },
        "aiExperiments": {
          "external": true,
          "href": "https://labs.thenational.academy",
          "slug": "labs",
          "title": "Ai experiments",
        },
        "curriculum": {
          "href": "/teachers/curriculum",
          "slug": "curriculum-landing-page",
          "title": "Curriculum",
        },
        "guidance": {
          "children": [
            {
              "href": "/teachers/lesson-planning",
              "slug": "lesson-planning",
              "title": "Plan a lesson",
            },
            {
              "href": "/blog",
              "slug": "blog-index",
              "title": "Blogs",
            },
            {
              "external": true,
              "href": "https://support.thenational.academy",
              "slug": "help",
              "title": "Help",
            },
          ],
          "slug": "guidance",
          "title": "Guidance",
        },
        "primary": {
          "children": [
            {
              "children": [
                {
                  "nonCurriculum": false,
                  "programmeCount": 0,
                  "programmeSlug": "english-primary-ks1",
                  "slug": "english",
                  "title": "English",
                },
                {
                  "nonCurriculum": false,
                  "programmeCount": 0,
                  "programmeSlug": "maths-primary-ks1",
                  "slug": "maths",
                  "title": "Maths",
                },
                {
                  "nonCurriculum": true,
                  "programmeCount": 0,
                  "programmeSlug": "financial-education-primary-ks1",
                  "slug": "financial-education",
                  "title": "Financial education",
                },
              ],
              "description": "Key stage 1",
              "slug": "ks1",
              "title": "KS1",
            },
            {
              "children": [
                {
                  "nonCurriculum": false,
                  "programmeCount": 0,
                  "programmeSlug": "science-primary-ks2",
                  "slug": "science",
                  "title": "Science",
                },
              ],
              "description": "Key stage 2",
              "slug": "ks2",
              "title": "KS2",
            },
            {
              "children": [],
              "description": "Early years foundation stage",
              "slug": "eyfs",
              "title": "EYFS",
            },
          ],
          "slug": "primary",
          "title": "Primary",
        },
        "secondary": {
          "children": [
            {
              "children": [
                {
                  "nonCurriculum": false,
                  "programmeCount": 0,
                  "programmeSlug": "history-secondary-ks3",
                  "slug": "history",
                  "title": "History",
                },
              ],
              "description": "Key stage 3",
              "slug": "ks3",
              "title": "KS3",
            },
            {
              "children": [
                {
                  "nonCurriculum": false,
                  "programmeCount": 0,
                  "programmeSlug": "geography-secondary-ks4",
                  "slug": "geography",
                  "title": "Geography",
                },
              ],
              "description": "Key stage 4",
              "slug": "ks4",
              "title": "KS4",
            },
          ],
          "slug": "secondary",
          "title": "Secondary",
        },
      }
    }
  />
  <main
    id="main"
  >
    <styled.div>
      children
    </styled.div>
  </main>
  <LayoutSiteFooter />
</React.Fragment>
`;
