// Jest Snapshot v1, https://goo.gl/fbAQLP

exports[`WhoAreWeDesc renders correctly 1`] = `
<body>
  <div>
    <div
      class="sc-fqkvVR dtojPp"
    >
      <div
        class="sc-fqkvVR sc-kAyceB bhbwbN gwxZIR"
      >
        <h2
          class="sc-kpDqfm gzqUEm"
        >
          TESTING_TITLE
        </h2>
        <div
          class="sc-fqkvVR sc-jXbUNg fgBWrW ewUxii"
        >
          <div
            class="sc-fqkvVR sc-kAyceB sc-dhKdcB sc-542e7679-0 fgBWrW joHkzz iAkSYx cmwAlb"
            data-testid="who-we-are-desc-item"
          >
            <div
              class="sc-fqkvVR sc-kAyceB fgBWrW kKfJVM"
            >
              <div
                class="sc-fqkvVR gRLayp"
              >
                <div
                  class="sc-fqkvVR hudrT"
                >
                  <img
                    alt="ITEM_ALT_0"
                    class="sc-dcJsrY jRtmJB"
                    data-nimg="fill"
                    decoding="async"
                    loading="lazy"
                    sizes="100vw"
                    src="http://localhost/_next/image?url=http%3A%2F%2Fexample.com%2F0&w=3840&q=75"
                    srcset="/_next/image?url=http%3A%2F%2Fexample.com%2F0&w=640&q=75 640w, /_next/image?url=http%3A%2F%2Fexample.com%2F0&w=750&q=75 750w, /_next/image?url=http%3A%2F%2Fexample.com%2F0&w=828&q=75 828w, /_next/image?url=http%3A%2F%2Fexample.com%2F0&w=1080&q=75 1080w, /_next/image?url=http%3A%2F%2Fexample.com%2F0&w=1200&q=75 1200w, /_next/image?url=http%3A%2F%2Fexample.com%2F0&w=1920&q=75 1920w, /_next/image?url=http%3A%2F%2Fexample.com%2F0&w=2048&q=75 2048w, /_next/image?url=http%3A%2F%2Fexample.com%2F0&w=3840&q=75 3840w"
                    style="position: absolute; height: 100%; width: 100%; left: 0px; top: 0px; right: 0px; bottom: 0px; color: transparent;"
                  />
                </div>
              </div>
              <div
                class="sc-fqkvVR sc-kAyceB fgBWrW FywIr"
              >
                <h3
                  class="sc-kpDqfm eAMIYi"
                >
                  ITEM_TITLE_0
                </h3>
                <p
                  class="sc-dLMFU jKnjIK"
                >
                  ITEM_TEXT_0
                </p>
              </div>
            </div>
          </div>
          <div
            class="sc-fqkvVR sc-kAyceB sc-dhKdcB sc-542e7679-0 fgBWrW joHkzz iAkSYx cmwAlb"
            data-testid="who-we-are-desc-item"
          >
            <div
              class="sc-fqkvVR sc-kAyceB fgBWrW kKfJVM"
            >
              <div
                class="sc-fqkvVR fjbDCB"
              >
                <div
                  class="sc-fqkvVR hudrT"
                >
                  <img
                    alt="ITEM_ALT_1"
                    class="sc-dcJsrY jRtmJB"
                    data-nimg="fill"
                    decoding="async"
                    loading="lazy"
                    sizes="100vw"
                    src="http://localhost/_next/image?url=http%3A%2F%2Fexample.com%2F1&w=3840&q=75"
                    srcset="/_next/image?url=http%3A%2F%2Fexample.com%2F1&w=640&q=75 640w, /_next/image?url=http%3A%2F%2Fexample.com%2F1&w=750&q=75 750w, /_next/image?url=http%3A%2F%2Fexample.com%2F1&w=828&q=75 828w, /_next/image?url=http%3A%2F%2Fexample.com%2F1&w=1080&q=75 1080w, /_next/image?url=http%3A%2F%2Fexample.com%2F1&w=1200&q=75 1200w, /_next/image?url=http%3A%2F%2Fexample.com%2F1&w=1920&q=75 1920w, /_next/image?url=http%3A%2F%2Fexample.com%2F1&w=2048&q=75 2048w, /_next/image?url=http%3A%2F%2Fexample.com%2F1&w=3840&q=75 3840w"
                    style="position: absolute; height: 100%; width: 100%; left: 0px; top: 0px; right: 0px; bottom: 0px; color: transparent;"
                  />
                </div>
              </div>
              <div
                class="sc-fqkvVR sc-kAyceB fgBWrW FywIr"
              >
                <h3
                  class="sc-kpDqfm eAMIYi"
                >
                  ITEM_TITLE_1
                </h3>
                <p
                  class="sc-dLMFU jKnjIK"
                >
                  ITEM_TEXT_1
                </p>
              </div>
            </div>
          </div>
          <div
            class="sc-fqkvVR sc-kAyceB sc-dhKdcB sc-542e7679-0 fgBWrW joHkzz iAkSYx cmwAlb"
            data-testid="who-we-are-desc-item"
          >
            <div
              class="sc-fqkvVR sc-kAyceB fgBWrW kKfJVM"
            >
              <div
                class="sc-fqkvVR tlJWQ"
              >
                <div
                  class="sc-fqkvVR hudrT"
                >
                  <img
                    alt="ITEM_ALT_2"
                    class="sc-dcJsrY jRtmJB"
                    data-nimg="fill"
                    decoding="async"
                    loading="lazy"
                    sizes="100vw"
                    src="http://localhost/_next/image?url=http%3A%2F%2Fexample.com%2F2&w=3840&q=75"
                    srcset="/_next/image?url=http%3A%2F%2Fexample.com%2F2&w=640&q=75 640w, /_next/image?url=http%3A%2F%2Fexample.com%2F2&w=750&q=75 750w, /_next/image?url=http%3A%2F%2Fexample.com%2F2&w=828&q=75 828w, /_next/image?url=http%3A%2F%2Fexample.com%2F2&w=1080&q=75 1080w, /_next/image?url=http%3A%2F%2Fexample.com%2F2&w=1200&q=75 1200w, /_next/image?url=http%3A%2F%2Fexample.com%2F2&w=1920&q=75 1920w, /_next/image?url=http%3A%2F%2Fexample.com%2F2&w=2048&q=75 2048w, /_next/image?url=http%3A%2F%2Fexample.com%2F2&w=3840&q=75 3840w"
                    style="position: absolute; height: 100%; width: 100%; left: 0px; top: 0px; right: 0px; bottom: 0px; color: transparent;"
                  />
                </div>
              </div>
              <div
                class="sc-fqkvVR sc-kAyceB fgBWrW FywIr"
              >
                <h3
                  class="sc-kpDqfm eAMIYi"
                >
                  ITEM_TITLE_2
                </h3>
                <p
                  class="sc-dLMFU jKnjIK"
                >
                  ITEM_TEXT_2
                </p>
              </div>
            </div>
          </div>
          <div
            class="sc-fqkvVR sc-kAyceB sc-dhKdcB sc-542e7679-0 fgBWrW joHkzz iAkSYx cmwAlb"
            data-testid="who-we-are-desc-item"
          >
            <div
              class="sc-fqkvVR sc-kAyceB fgBWrW kKfJVM"
            >
              <div
                class="sc-fqkvVR hckAIM"
              >
                <div
                  class="sc-fqkvVR hudrT"
                >
                  <img
                    alt="ITEM_ALT_3"
                    class="sc-dcJsrY jRtmJB"
                    data-nimg="fill"
                    decoding="async"
                    loading="lazy"
                    sizes="100vw"
                    src="http://localhost/_next/image?url=http%3A%2F%2Fexample.com%2F3&w=3840&q=75"
                    srcset="/_next/image?url=http%3A%2F%2Fexample.com%2F3&w=640&q=75 640w, /_next/image?url=http%3A%2F%2Fexample.com%2F3&w=750&q=75 750w, /_next/image?url=http%3A%2F%2Fexample.com%2F3&w=828&q=75 828w, /_next/image?url=http%3A%2F%2Fexample.com%2F3&w=1080&q=75 1080w, /_next/image?url=http%3A%2F%2Fexample.com%2F3&w=1200&q=75 1200w, /_next/image?url=http%3A%2F%2Fexample.com%2F3&w=1920&q=75 1920w, /_next/image?url=http%3A%2F%2Fexample.com%2F3&w=2048&q=75 2048w, /_next/image?url=http%3A%2F%2Fexample.com%2F3&w=3840&q=75 3840w"
                    style="position: absolute; height: 100%; width: 100%; left: 0px; top: 0px; right: 0px; bottom: 0px; color: transparent;"
                  />
                </div>
              </div>
              <div
                class="sc-fqkvVR sc-kAyceB fgBWrW FywIr"
              >
                <h3
                  class="sc-kpDqfm eAMIYi"
                >
                  ITEM_TITLE_3
                </h3>
                <p
                  class="sc-dLMFU jKnjIK"
                >
                  ITEM_TEXT_3
                </p>
              </div>
            </div>
          </div>
        </div>
      </div>
    </div>
  </div>
</body>
`;
